{"ts":"2026-05-09T08:18:17.150Z","event":"start","meta":{"sid":214,"pid":1,"lang":1,"isRejudge":true,"worker":"ty's MBP","timeLimit":1000,"memoryLimit":512}}
{"ts":"2026-05-09T08:18:17.174Z","event":"compile.start","data":{"args":["g++-9","-O2","-std=c++14","-DONLINE_JUDGE","main.cpp","-o","main"]}}
{"ts":"2026-05-09T08:18:17.809Z","event":"compile.result","data":{"status":"Accepted","exitStatus":0,"time":603205000,"memory":180404224,"runTime":603884084,"files":{"stderr":"","stdout":""},"fileIds":{"main":"VBM2PPBS"}}}
{"ts":"2026-05-09T08:18:17.810Z","event":"case.start","data":{"caseId":1,"subtaskId":1,"input":"-114514 1919810\n"}}
{"ts":"2026-05-09T08:18:17.823Z","event":"case.run","data":{"caseId":1,"status":"Accepted","time":2341000,"memory":6221824,"exitStatus":0,"files":{"stderr":"","stdout":"1805296\n"}}}
{"ts":"2026-05-09T08:18:17.836Z","event":"case.compare","data":{"caseId":1,"result":"ok","detail":"ok total line: 1\n"}}
{"ts":"2026-05-09T08:18:17.837Z","event":"case.start","data":{"caseId":2,"subtaskId":1,"input":"-1919810 114514\n"}}
{"ts":"2026-05-09T08:18:17.844Z","event":"case.run","data":{"caseId":2,"status":"Accepted","time":2219000,"memory":6418432,"exitStatus":0,"files":{"stderr":"","stdout":"-1805296\n"}}}
{"ts":"2026-05-09T08:18:17.855Z","event":"case.compare","data":{"caseId":2,"result":"ok","detail":"ok total line: 1\n"}}
{"ts":"2026-05-09T08:18:17.856Z","event":"case.start","data":{"caseId":3,"subtaskId":1,"input":"349154568 180247698\n"}}
{"ts":"2026-05-09T08:18:17.866Z","event":"case.run","data":{"caseId":3,"status":"Accepted","time":1830000,"memory":6418432,"exitStatus":0,"files":{"stderr":"","stdout":"529402266\n"}}}
{"ts":"2026-05-09T08:18:17.876Z","event":"case.compare","data":{"caseId":3,"result":"ok","detail":"ok total line: 1\n"}}
{"ts":"2026-05-09T08:18:17.877Z","event":"case.start","data":{"caseId":4,"subtaskId":2,"input":"-175136475 817059220\n"}}
{"ts":"2026-05-09T08:18:17.884Z","event":"case.run","data":{"caseId":4,"status":"Accepted","time":2235000,"memory":6418432,"exitStatus":0,"files":{"stderr":"","stdout":"641922745\n"}}}
{"ts":"2026-05-09T08:18:17.893Z","event":"case.compare","data":{"caseId":4,"result":"ok","detail":"ok total line: 1\n"}}
{"ts":"2026-05-09T08:18:17.894Z","event":"case.start","data":{"caseId":5,"subtaskId":2,"input":"155692013 -501656708\n"}}
{"ts":"2026-05-09T08:18:17.901Z","event":"case.run","data":{"caseId":5,"status":"Accepted","time":2109000,"memory":6418432,"exitStatus":0,"files":{"stderr":"","stdout":"-345964695\n"}}}
{"ts":"2026-05-09T08:18:17.910Z","event":"case.compare","data":{"caseId":5,"result":"ok","detail":"ok total line: 1\n"}}
{"ts":"2026-05-09T08:18:17.911Z","event":"case.start","data":{"caseId":6,"subtaskId":3,"input":"-255188006 -145225879\n"}}
{"ts":"2026-05-09T08:18:17.917Z","event":"case.run","data":{"caseId":6,"status":"Accepted","time":1689000,"memory":6418432,"exitStatus":0,"files":{"stderr":"","stdout":"-400413885\n"}}}
{"ts":"2026-05-09T08:18:17.927Z","event":"case.compare","data":{"caseId":6,"result":"ok","detail":"ok total line: 1\n"}}
{"ts":"2026-05-09T08:18:17.928Z","event":"case.start","data":{"caseId":7,"subtaskId":3,"input":"-105074228 241408813\n"}}
{"ts":"2026-05-09T08:18:17.935Z","event":"case.run","data":{"caseId":7,"status":"Accepted","time":2052000,"memory":6221824,"exitStatus":0,"files":{"stderr":"","stdout":"136334585\n"}}}
{"ts":"2026-05-09T08:18:17.944Z","event":"case.compare","data":{"caseId":7,"result":"ok","detail":"ok total line: 1\n"}}
{"ts":"2026-05-09T08:18:17.944Z","event":"case.start","data":{"caseId":8,"subtaskId":3,"input":"-104387541 557196859\n"}}
{"ts":"2026-05-09T08:18:17.953Z","event":"case.run","data":{"caseId":8,"status":"Accepted","time":1683000,"memory":6221824,"exitStatus":0,"files":{"stderr":"","stdout":"452809318\n"}}}
{"ts":"2026-05-09T08:18:17.962Z","event":"case.compare","data":{"caseId":8,"result":"ok","detail":"ok total line: 1\n"}}
{"ts":"2026-05-09T08:18:17.963Z","event":"case.start","data":{"caseId":9,"subtaskId":3,"input":"549325784 -690933930\n"}}
{"ts":"2026-05-09T08:18:17.980Z","event":"case.run","data":{"caseId":9,"status":"Accepted","time":1993000,"memory":6311936,"exitStatus":0,"files":{"stderr":"","stdout":"-141608146\n"}}}
{"ts":"2026-05-09T08:18:17.989Z","event":"case.compare","data":{"caseId":9,"result":"ok","detail":"ok total line: 1\n"}}
{"ts":"2026-05-09T08:18:17.989Z","event":"case.start","data":{"caseId":10,"subtaskId":4,"input":"937032200 584941400\n"}}
{"ts":"2026-05-09T08:18:18.003Z","event":"case.run","data":{"caseId":10,"status":"Accepted","time":1997000,"memory":6418432,"exitStatus":0,"files":{"stderr":"","stdout":"1521973600\n"}}}
{"ts":"2026-05-09T08:18:18.012Z","event":"case.compare","data":{"caseId":10,"result":"ok","detail":"ok total line: 1\n"}}
{"ts":"2026-05-09T08:18:18.019Z","event":"finish","data":{"finalRes":4,"totalTime":15,"maxMemory":6268,"totalScore":100}}
