{"ts":"2026-05-09T06:48:22.040Z","event":"start","meta":{"sid":"270","pid":1,"lang":2,"isRejudge":true,"worker":"ty's MBP","timeLimit":1000,"memoryLimit":512}}
{"ts":"2026-05-09T06:48:22.053Z","event":"compile.start","data":{"args":["pylint","--errors-only","main.py"]}}
{"ts":"2026-05-09T06:48:22.085Z","event":"compile.result","data":{"status":"Internal Error","exitStatus":0,"error":"execve: handle: pylint: executable file not found in $PATH","time":0,"memory":0,"runTime":0,"files":{"stderr":"","stdout":""},"fileIds":{"main.py":"2PANASW5"}}}
{"ts":"2026-05-09T06:48:22.086Z","event":"case.start","data":{"caseId":1,"subtaskId":1,"input":"-114514 1919810\n"}}
{"ts":"2026-05-09T06:48:22.095Z","event":"case.run","data":{"caseId":1,"status":"Internal Error","time":0,"memory":0,"exitStatus":0,"files":{"stderr":"","stdout":""}}}
{"ts":"2026-05-09T06:48:22.096Z","event":"case.start","data":{"caseId":2,"subtaskId":1,"input":"-1919810 114514\n"}}
{"ts":"2026-05-09T06:48:22.099Z","event":"case.run","data":{"caseId":2,"status":"Internal Error","time":0,"memory":0,"exitStatus":0,"files":{"stderr":"","stdout":""}}}
{"ts":"2026-05-09T06:48:22.100Z","event":"case.start","data":{"caseId":3,"subtaskId":1,"input":"349154568 180247698\n"}}
{"ts":"2026-05-09T06:48:22.104Z","event":"case.run","data":{"caseId":3,"status":"Internal Error","time":0,"memory":0,"exitStatus":0,"files":{"stderr":"","stdout":""}}}
{"ts":"2026-05-09T06:48:22.106Z","event":"case.start","data":{"caseId":4,"subtaskId":2,"input":"-175136475 817059220\n"}}
{"ts":"2026-05-09T06:48:22.113Z","event":"case.run","data":{"caseId":4,"status":"Internal Error","time":0,"memory":0,"exitStatus":0,"files":{"stderr":"","stdout":""}}}
{"ts":"2026-05-09T06:48:22.114Z","event":"case.start","data":{"caseId":5,"subtaskId":2,"input":"155692013 -501656708\n"}}
{"ts":"2026-05-09T06:48:22.117Z","event":"case.run","data":{"caseId":5,"status":"Internal Error","time":0,"memory":0,"exitStatus":0,"files":{"stderr":"","stdout":""}}}
{"ts":"2026-05-09T06:48:22.118Z","event":"case.start","data":{"caseId":6,"subtaskId":3,"input":"-255188006 -145225879\n"}}
{"ts":"2026-05-09T06:48:22.122Z","event":"case.run","data":{"caseId":6,"status":"Internal Error","time":0,"memory":0,"exitStatus":0,"files":{"stderr":"","stdout":""}}}
{"ts":"2026-05-09T06:48:22.122Z","event":"case.start","data":{"caseId":7,"subtaskId":3,"input":"-105074228 241408813\n"}}
{"ts":"2026-05-09T06:48:22.127Z","event":"case.run","data":{"caseId":7,"status":"Internal Error","time":0,"memory":0,"exitStatus":0,"files":{"stderr":"","stdout":""}}}
{"ts":"2026-05-09T06:48:22.128Z","event":"case.start","data":{"caseId":8,"subtaskId":3,"input":"-104387541 557196859\n"}}
{"ts":"2026-05-09T06:48:22.136Z","event":"case.run","data":{"caseId":8,"status":"Internal Error","time":0,"memory":0,"exitStatus":0,"files":{"stderr":"","stdout":""}}}
{"ts":"2026-05-09T06:48:22.137Z","event":"case.start","data":{"caseId":9,"subtaskId":3,"input":"549325784 -690933930\n"}}
{"ts":"2026-05-09T06:48:22.140Z","event":"case.run","data":{"caseId":9,"status":"Internal Error","time":0,"memory":0,"exitStatus":0,"files":{"stderr":"","stdout":""}}}
{"ts":"2026-05-09T06:48:22.142Z","event":"case.start","data":{"caseId":10,"subtaskId":4,"input":"937032200 584941400\n"}}
{"ts":"2026-05-09T06:48:22.145Z","event":"case.run","data":{"caseId":10,"status":"Internal Error","time":0,"memory":0,"exitStatus":0,"files":{"stderr":"","stdout":""}}}
{"ts":"2026-05-09T06:48:22.146Z","event":"finish","data":{"finalRes":12,"totalTime":10,"maxMemory":1,"totalScore":0}}
