{"ts":"2026-05-09T07:00:32.171Z","event":"start","meta":{"sid":"309","pid":1,"lang":2,"isRejudge":true,"worker":"ty's MBP","timeLimit":1000,"memoryLimit":512}}
{"ts":"2026-05-09T07:00:32.183Z","event":"compile.start","data":{"args":["pylint","--errors-only","main.py"]}}
{"ts":"2026-05-09T07:00:32.209Z","event":"compile.result","data":{"status":"Internal Error","exitStatus":0,"error":"execve: handle: pylint: executable file not found in $PATH","time":0,"memory":0,"runTime":0,"files":{"stderr":"","stdout":""},"fileIds":{"main.py":"J3VDJENL"}}}
{"ts":"2026-05-09T07:00:32.210Z","event":"case.start","data":{"caseId":1,"subtaskId":1,"input":"-114514 1919810\n"}}
{"ts":"2026-05-09T07:00:32.232Z","event":"case.run","data":{"caseId":1,"status":"Internal Error","time":0,"memory":0,"exitStatus":0,"files":{"stderr":"","stdout":""}}}
{"ts":"2026-05-09T07:00:32.233Z","event":"case.start","data":{"caseId":2,"subtaskId":1,"input":"-1919810 114514\n"}}
{"ts":"2026-05-09T07:00:32.236Z","event":"case.run","data":{"caseId":2,"status":"Internal Error","time":0,"memory":0,"exitStatus":0,"files":{"stderr":"","stdout":""}}}
{"ts":"2026-05-09T07:00:32.237Z","event":"case.start","data":{"caseId":3,"subtaskId":1,"input":"349154568 180247698\n"}}
{"ts":"2026-05-09T07:00:32.240Z","event":"case.run","data":{"caseId":3,"status":"Internal Error","time":0,"memory":0,"exitStatus":0,"files":{"stderr":"","stdout":""}}}
{"ts":"2026-05-09T07:00:32.241Z","event":"case.start","data":{"caseId":4,"subtaskId":2,"input":"-175136475 817059220\n"}}
{"ts":"2026-05-09T07:00:32.244Z","event":"case.run","data":{"caseId":4,"status":"Internal Error","time":0,"memory":0,"exitStatus":0,"files":{"stderr":"","stdout":""}}}
{"ts":"2026-05-09T07:00:32.245Z","event":"case.start","data":{"caseId":5,"subtaskId":2,"input":"155692013 -501656708\n"}}
{"ts":"2026-05-09T07:00:32.248Z","event":"case.run","data":{"caseId":5,"status":"Internal Error","time":0,"memory":0,"exitStatus":0,"files":{"stderr":"","stdout":""}}}
{"ts":"2026-05-09T07:00:32.249Z","event":"case.start","data":{"caseId":6,"subtaskId":3,"input":"-255188006 -145225879\n"}}
{"ts":"2026-05-09T07:00:32.252Z","event":"case.run","data":{"caseId":6,"status":"Internal Error","time":0,"memory":0,"exitStatus":0,"files":{"stderr":"","stdout":""}}}
{"ts":"2026-05-09T07:00:32.253Z","event":"case.start","data":{"caseId":7,"subtaskId":3,"input":"-105074228 241408813\n"}}
{"ts":"2026-05-09T07:00:32.256Z","event":"case.run","data":{"caseId":7,"status":"Internal Error","time":0,"memory":0,"exitStatus":0,"files":{"stderr":"","stdout":""}}}
{"ts":"2026-05-09T07:00:32.257Z","event":"case.start","data":{"caseId":8,"subtaskId":3,"input":"-104387541 557196859\n"}}
{"ts":"2026-05-09T07:00:32.262Z","event":"case.run","data":{"caseId":8,"status":"Internal Error","time":0,"memory":0,"exitStatus":0,"files":{"stderr":"","stdout":""}}}
{"ts":"2026-05-09T07:00:32.263Z","event":"case.start","data":{"caseId":9,"subtaskId":3,"input":"549325784 -690933930\n"}}
{"ts":"2026-05-09T07:00:32.267Z","event":"case.run","data":{"caseId":9,"status":"Internal Error","time":0,"memory":0,"exitStatus":0,"files":{"stderr":"","stdout":""}}}
{"ts":"2026-05-09T07:00:32.268Z","event":"case.start","data":{"caseId":10,"subtaskId":4,"input":"937032200 584941400\n"}}
{"ts":"2026-05-09T07:00:32.270Z","event":"case.run","data":{"caseId":10,"status":"Internal Error","time":0,"memory":0,"exitStatus":0,"files":{"stderr":"","stdout":""}}}
{"ts":"2026-05-09T07:00:32.271Z","event":"finish","data":{"finalRes":12,"totalTime":10,"maxMemory":1,"totalScore":0}}
